---
source: packages/lexer/src/lexers/var_declaration_lexer.rs
expression: lexer.tokens
---
- kind:
    Identifier: id
  range:
    from:
      line: 11
      column: 41
    to:
      line: 11
      column: 42
- kind:
    Symbol: VarAssignmentColon
  range:
    from:
      line: 11
      column: 43
    to:
      line: 11
      column: 43
- kind:
    Type: Int
  range:
    from:
      line: 11
      column: 45
    to:
      line: 11
      column: 47
