---
source: packages/lexer/src/lexers/source_file_lexer.rs
expression: lexer.tokens
---
- kind:
    Keyword:
      DeclarationKeyword: Var
  range:
    from:
      line: 1
      column: 1
    to:
      line: 1
      column: 3
- kind:
    Identifier: my_test_var
  range:
    from:
      line: 1
      column: 5
    to:
      line: 1
      column: 15
- kind:
    Symbol: VarAssignmentColon
  range:
    from:
      line: 1
      column: 16
    to:
      line: 1
      column: 16
- kind:
    Type: Int
  range:
    from:
      line: 1
      column: 18
    to:
      line: 1
      column: 20
- kind:
    Symbol: Newline
  range:
    from:
      line: 1
      column: 21
    to:
      line: 1
      column: 21
- kind:
    Symbol: Newline
  range:
    from:
      line: 2
      column: 1
    to:
      line: 2
      column: 1
- kind:
    Keyword:
      DeclarationKeyword: Provider
  range:
    from:
      line: 3
      column: 1
    to:
      line: 3
      column: 8
- kind:
    Identifier: Env
  range:
    from:
      line: 3
      column: 10
    to:
      line: 3
      column: 12
- kind:
    Symbol: ProviderAssignmentColon
  range:
    from:
      line: 3
      column: 13
    to:
      line: 3
      column: 13
- kind:
    ProviderType: env
  range:
    from:
      line: 3
      column: 15
    to:
      line: 3
      column: 17
- kind:
    Symbol: Newline
  range:
    from:
      line: 3
      column: 18
    to:
      line: 3
      column: 18
- kind:
    Symbol: Newline
  range:
    from:
      line: 4
      column: 19
    to:
      line: 4
      column: 19
- kind:
    Keyword:
      DeclarationKeyword: Module
  range:
    from:
      line: 5
      column: 1
    to:
      line: 5
      column: 6
- kind:
    Identifier: TestModule
  range:
    from:
      line: 5
      column: 8
    to:
      line: 5
      column: 17
- kind:
    Symbol: BlockOpenCurly
  range:
    from:
      line: 5
      column: 19
    to:
      line: 5
      column: 19
- kind:
    Symbol: Newline
  range:
    from:
      line: 5
      column: 20
    to:
      line: 5
      column: 20
- kind:
    Keyword:
      DeclarationKeyword: Var
  range:
    from:
      line: 6
      column: 5
    to:
      line: 6
      column: 7
- kind:
    Identifier: my_test_var
  range:
    from:
      line: 6
      column: 9
    to:
      line: 6
      column: 19
- kind:
    Symbol: VarAssignmentColon
  range:
    from:
      line: 6
      column: 20
    to:
      line: 6
      column: 20
- kind:
    Type: Int
  range:
    from:
      line: 6
      column: 22
    to:
      line: 6
      column: 24
- kind:
    Symbol: Newline
  range:
    from:
      line: 6
      column: 25
    to:
      line: 6
      column: 25
- kind:
    Symbol: BlockCloseCurly
  range:
    from:
      line: 7
      column: 1
    to:
      line: 7
      column: 1
