---
source: packages/lexer/src/lexers/module_declaration_lexer.rs
expression: lexer.tokens
---
- kind:
    Identifier: Cakes
  range:
    from:
      line: 32
      column: 26
    to:
      line: 32
      column: 30
- kind:
    Symbol: BlockOpenCurly
  range:
    from:
      line: 32
      column: 32
    to:
      line: 32
      column: 32
- kind:
    Symbol: BlockCloseCurly
  range:
    from:
      line: 32
      column: 33
    to:
      line: 32
      column: 33
