---
source: packages/parser/src/parsers/module_declaration_parser.rs
expression: ast
---
Some(
    Declaration(
        ModuleDeclaration(
            ModuleDeclarationNode {
                identifier: "Env",
                declarations: [],
            },
        ),
    ),
)
