---
source: packages/lexer/src/lexers/source_file_lexer.rs
expression: lexer.tokens
---
- kind:
    Keyword:
      DeclarationKeyword: Var
  range:
    from:
      line: 1
      column: 1
    to:
      line: 1
      column: 3
- kind:
    Identifier: my_test_var
  range:
    from:
      line: 1
      column: 5
    to:
      line: 1
      column: 15
- kind:
    Symbol: VarAssignmentColon
  range:
    from:
      line: 1
      column: 16
    to:
      line: 1
      column: 16
- kind:
    Type: Int
  range:
    from:
      line: 1
      column: 18
    to:
      line: 1
      column: 20
