---
source: packages/providers/core/lib/src/server.rs
expression: header.checksum
---
58602
