---
source: packages/lexer/src/lexers/provider_declaration_lexer.rs
expression: lexer.tokens
---
[
    LexerToken {
        kind: Identifier(
            "Env",
        ),
        range: TokenRange {
            from: TokenPosition {
                line: 0,
                column: 1,
            },
            to: TokenPosition {
                line: 0,
                column: 3,
            },
        },
    },
    LexerToken {
        kind: Symbol(
            ProviderAssignmentColon,
        ),
        range: TokenRange {
            from: TokenPosition {
                line: 0,
                column: 4,
            },
            to: TokenPosition {
                line: 0,
                column: 4,
            },
        },
    },
    LexerToken {
        kind: ProviderType(
            "env",
        ),
        range: TokenRange {
            from: TokenPosition {
                line: 0,
                column: 6,
            },
            to: TokenPosition {
                line: 0,
                column: 8,
            },
        },
    },
]
