---
source: packages/lexer/src/lexers/source_file_lexer.rs
expression: lexer.tokens
---
- kind:
    Keyword:
      DeclarationKeyword: Var
  range:
    from:
      line: 1
      column: 1
    to:
      line: 1
      column: 3
- kind:
    Identifier: my_test_var
  range:
    from:
      line: 1
      column: 5
    to:
      line: 1
      column: 15
- kind:
    Symbol: VarAssignmentColon
  range:
    from:
      line: 1
      column: 16
    to:
      line: 1
      column: 16
- kind:
    Type: Int
  range:
    from:
      line: 1
      column: 18
    to:
      line: 1
      column: 20
- kind:
    Symbol: Newline
  range:
    from:
      line: 1
      column: 21
    to:
      line: 1
      column: 21
- kind:
    Symbol: Newline
  range:
    from:
      line: 2
      column: 1
    to:
      line: 2
      column: 1
- kind:
    Keyword:
      VarModifierKeyword: Pub
  range:
    from:
      line: 3
      column: 1
    to:
      line: 3
      column: 3
- kind:
    Keyword:
      DeclarationKeyword: Var
  range:
    from:
      line: 3
      column: 5
    to:
      line: 3
      column: 7
- kind:
    Identifier: my_pub_test_var
  range:
    from:
      line: 3
      column: 9
    to:
      line: 3
      column: 23
- kind:
    Symbol: VarAssignmentColon
  range:
    from:
      line: 3
      column: 24
    to:
      line: 3
      column: 24
- kind:
    Type: String
  range:
    from:
      line: 3
      column: 26
    to:
      line: 3
      column: 28
