---
source: packages/lexer/src/lexers/attribute_block_lexer.rs
expression: lexer.tokens
---
- kind:
    Identifier: attribute
  range:
    from:
      line: 0
      column: 1
    to:
      line: 0
      column: 9
- kind:
    Symbol: AttributeAssignmentEquals
  range:
    from:
      line: 0
      column: 11
    to:
      line: 0
      column: 11
- kind:
    Literal:
      Integer: 1
  range:
    from:
      line: 0
      column: 13
    to:
      line: 0
      column: 13
- kind:
    Symbol: Newline
  range:
    from:
      line: 0
      column: 14
    to:
      line: 0
      column: 14
- kind:
    Identifier: attribute
  range:
    from:
      line: 1
      column: 1
    to:
      line: 1
      column: 9
- kind:
    Symbol: AttributeAssignmentEquals
  range:
    from:
      line: 1
      column: 11
    to:
      line: 1
      column: 11
- kind:
    Literal:
      Integer: 2
  range:
    from:
      line: 1
      column: 13
    to:
      line: 1
      column: 13
- kind:
    Symbol: Newline
  range:
    from:
      line: 1
      column: 14
    to:
      line: 1
      column: 14
- kind:
    Identifier: attribute
  range:
    from:
      line: 2
      column: 1
    to:
      line: 2
      column: 9
- kind:
    Symbol: AttributeAssignmentEquals
  range:
    from:
      line: 2
      column: 11
    to:
      line: 2
      column: 11
- kind:
    Literal:
      Integer: 3
  range:
    from:
      line: 2
      column: 13
    to:
      line: 2
      column: 13
- kind:
    Symbol: Newline
  range:
    from:
      line: 2
      column: 14
    to:
      line: 2
      column: 14
- kind:
    Symbol: BlockCloseCurly
  range:
    from:
      line: 3
      column: 1
    to:
      line: 3
      column: 1
