---
source: packages/lexer/src/lexers/module_declaration_lexer.rs
expression: lexer.tokens
---
- kind:
    Identifier: Cakes
  range:
    from:
      line: 32
      column: 26
    to:
      line: 32
      column: 30
- kind:
    Symbol: BlockOpenCurly
  range:
    from:
      line: 32
      column: 32
    to:
      line: 32
      column: 32
- kind:
    Symbol: Newline
  range:
    from:
      line: 32
      column: 33
    to:
      line: 32
      column: 33
- kind:
    Keyword:
      DeclarationKeyword: Var
  range:
    from:
      line: 33
      column: 1
    to:
      line: 33
      column: 3
- kind:
    Identifier: my_cake_ingredient
  range:
    from:
      line: 33
      column: 5
    to:
      line: 33
      column: 22
- kind:
    Symbol: VarAssignmentColon
  range:
    from:
      line: 33
      column: 23
    to:
      line: 33
      column: 23
- kind:
    Type: String
  range:
    from:
      line: 33
      column: 26
    to:
      line: 33
      column: 28
- kind:
    Symbol: Newline
  range:
    from:
      line: 33
      column: 28
    to:
      line: 33
      column: 28
- kind:
    Symbol: Newline
  range:
    from:
      line: 34
      column: 1
    to:
      line: 34
      column: 1
- kind:
    Keyword:
      VarModifierKeyword: Pub
  range:
    from:
      line: 35
      column: 1
    to:
      line: 35
      column: 3
- kind:
    Keyword:
      DeclarationKeyword: Var
  range:
    from:
      line: 35
      column: 5
    to:
      line: 35
      column: 7
- kind:
    Identifier: my_cake_url
  range:
    from:
      line: 35
      column: 9
    to:
      line: 35
      column: 19
- kind:
    Symbol: VarAssignmentColon
  range:
    from:
      line: 35
      column: 20
    to:
      line: 35
      column: 20
- kind:
    Type: Url
  range:
    from:
      line: 35
      column: 23
    to:
      line: 35
      column: 25
- kind:
    Symbol: Newline
  range:
    from:
      line: 35
      column: 25
    to:
      line: 35
      column: 25
- kind:
    Symbol: BlockCloseCurly
  range:
    from:
      line: 36
      column: 1
    to:
      line: 36
      column: 1
