---
source: packages/lexer/src/lexers/module_declaration_lexer.rs
expression: lexer.tokens
---
[
    LexerToken {
        kind: Keyword(
            DeclarationKeyword(
                Module,
            ),
        ),
        range: TokenRange {
            from: TokenPosition {
                line: 32,
                column: 26,
            },
            to: TokenPosition {
                line: 32,
                column: 31,
            },
        },
    },
    LexerToken {
        kind: Identifier(
            "Cakes",
        ),
        range: TokenRange {
            from: TokenPosition {
                line: 32,
                column: 33,
            },
            to: TokenPosition {
                line: 32,
                column: 37,
            },
        },
    },
    LexerToken {
        kind: Symbol(
            BlockOpenCurly,
        ),
        range: TokenRange {
            from: TokenPosition {
                line: 32,
                column: 39,
            },
            to: TokenPosition {
                line: 32,
                column: 39,
            },
        },
    },
    LexerToken {
        kind: Symbol(
            BlockCloseCurly,
        ),
        range: TokenRange {
            from: TokenPosition {
                line: 32,
                column: 40,
            },
            to: TokenPosition {
                line: 32,
                column: 40,
            },
        },
    },
]
